// Jest Snapshot v1, https://goo.gl/fbAQLP

exports[`Компонент Логин -> Login snapshot 1`] = `
<DocumentFragment>
  <main>
    <div
      class="undefined undefined"
    >
      <div />
      <h1>
        Авторизация
      </h1>
      <form
        class="undefined undefined"
        novalidate=""
      >
        <fieldset>
          <label
            class="undefined undefined"
          >
            Логин
            <input
              id="input-login"
              name="login"
              required=""
              type="text"
              value=""
            />
          </label>
          <label
            class="undefined undefined"
          >
            Пароль
            <input
              id="input-password"
              name="password"
              required=""
              type="password"
              value=""
            />
          </label>
        </fieldset>
        <div>
          <button
            class="undefined undefined"
            type="submit"
          >
            Войти
          </button>
          <span>
            или
          </span>
          <button
            class="undefined undefined"
            type="submit"
          >
            Войти с
            <div />
          </button>
        </div>
        <span>
          Нет аккаунта?
          <a
            href="/sign_up"
          >
            Зарегистрироваться
          </a>
        </span>
      </form>
    </div>
  </main>
</DocumentFragment>
`;
